// Vitest Snapshot v1, https://vitest.dev/guide/snapshot.html

exports[`Pagination component > should render element with  passed 1  card  1`] = `
{
  "asFragment": [Function],
  "baseElement": <body>
    <div>
      <div
        class="_PGNroot_1875ff"
      >
        <svg
          class="_PGNsvg_1875ff"
          viewBox="0 0 512 512"
          xmlns="http://www.w3.org/2000/svg"
        >
          <path
            d="M244 400L100 256l144-144M120 256h292"
            fill="none"
            stroke="currentColor"
            stroke-linecap="round"
            stroke-linejoin="round"
            stroke-width="48"
          />
        </svg>
        <ul
          class="_PGNul_1875ff"
        >
          <li
            class="_PGNliActive_1875ff"
            data-testid="1"
          >
            1
          </li>
        </ul>
        <svg
          class="_PGNsvg_1875ff"
          viewBox="0 0 512 512"
          xmlns="http://www.w3.org/2000/svg"
        >
          <path
            d="M268 112l144 144-144 144M392 256H100"
            fill="none"
            stroke="currentColor"
            stroke-linecap="round"
            stroke-linejoin="round"
            stroke-width="48"
          />
        </svg>
        <label>
           
          Show on page:
          <select>
            <option>
              3
            </option>
            <option>
              6
            </option>
            <option>
              9
            </option>
          </select>
        </label>
      </div>
    </div>
  </body>,
  "container": <div>
    <div
      class="_PGNroot_1875ff"
    >
      <svg
        class="_PGNsvg_1875ff"
        viewBox="0 0 512 512"
        xmlns="http://www.w3.org/2000/svg"
      >
        <path
          d="M244 400L100 256l144-144M120 256h292"
          fill="none"
          stroke="currentColor"
          stroke-linecap="round"
          stroke-linejoin="round"
          stroke-width="48"
        />
      </svg>
      <ul
        class="_PGNul_1875ff"
      >
        <li
          class="_PGNliActive_1875ff"
          data-testid="1"
        >
          1
        </li>
      </ul>
      <svg
        class="_PGNsvg_1875ff"
        viewBox="0 0 512 512"
        xmlns="http://www.w3.org/2000/svg"
      >
        <path
          d="M268 112l144 144-144 144M392 256H100"
          fill="none"
          stroke="currentColor"
          stroke-linecap="round"
          stroke-linejoin="round"
          stroke-width="48"
        />
      </svg>
      <label>
         
        Show on page:
        <select>
          <option>
            3
          </option>
          <option>
            6
          </option>
          <option>
            9
          </option>
        </select>
      </label>
    </div>
  </div>,
  "debug": [Function],
  "findAllByAltText": [Function],
  "findAllByDisplayValue": [Function],
  "findAllByLabelText": [Function],
  "findAllByPlaceholderText": [Function],
  "findAllByRole": [Function],
  "findAllByTestId": [Function],
  "findAllByText": [Function],
  "findAllByTitle": [Function],
  "findByAltText": [Function],
  "findByDisplayValue": [Function],
  "findByLabelText": [Function],
  "findByPlaceholderText": [Function],
  "findByRole": [Function],
  "findByTestId": [Function],
  "findByText": [Function],
  "findByTitle": [Function],
  "getAllByAltText": [Function],
  "getAllByDisplayValue": [Function],
  "getAllByLabelText": [Function],
  "getAllByPlaceholderText": [Function],
  "getAllByRole": [Function],
  "getAllByTestId": [Function],
  "getAllByText": [Function],
  "getAllByTitle": [Function],
  "getByAltText": [Function],
  "getByDisplayValue": [Function],
  "getByLabelText": [Function],
  "getByPlaceholderText": [Function],
  "getByRole": [Function],
  "getByTestId": [Function],
  "getByText": [Function],
  "getByTitle": [Function],
  "queryAllByAltText": [Function],
  "queryAllByDisplayValue": [Function],
  "queryAllByLabelText": [Function],
  "queryAllByPlaceholderText": [Function],
  "queryAllByRole": [Function],
  "queryAllByTestId": [Function],
  "queryAllByText": [Function],
  "queryAllByTitle": [Function],
  "queryByAltText": [Function],
  "queryByDisplayValue": [Function],
  "queryByLabelText": [Function],
  "queryByPlaceholderText": [Function],
  "queryByRole": [Function],
  "queryByTestId": [Function],
  "queryByText": [Function],
  "queryByTitle": [Function],
  "rerender": [Function],
  "unmount": [Function],
}
`;

exports[`PopUp component > should render element with  passed 1  card  1`] = `
{
  "asFragment": [Function],
  "baseElement": <body>
    <div>
      <div
        class="_PGNroot_1875ff"
      >
        <svg
          class="_PGNsvg_1875ff"
          viewBox="0 0 512 512"
          xmlns="http://www.w3.org/2000/svg"
        >
          <path
            d="M244 400L100 256l144-144M120 256h292"
            fill="none"
            stroke="currentColor"
            stroke-linecap="round"
            stroke-linejoin="round"
            stroke-width="48"
          />
        </svg>
        <ul
          class="_PGNul_1875ff"
        >
          <li
            class="_PGNliActive_1875ff"
            data-testid="1"
          >
            1
          </li>
        </ul>
        <svg
          class="_PGNsvg_1875ff"
          viewBox="0 0 512 512"
          xmlns="http://www.w3.org/2000/svg"
        >
          <path
            d="M268 112l144 144-144 144M392 256H100"
            fill="none"
            stroke="currentColor"
            stroke-linecap="round"
            stroke-linejoin="round"
            stroke-width="48"
          />
        </svg>
        <label>
           
          Show on page:
          <select>
            <option>
              3
            </option>
            <option>
              6
            </option>
            <option>
              9
            </option>
          </select>
        </label>
      </div>
    </div>
  </body>,
  "container": <div>
    <div
      class="_PGNroot_1875ff"
    >
      <svg
        class="_PGNsvg_1875ff"
        viewBox="0 0 512 512"
        xmlns="http://www.w3.org/2000/svg"
      >
        <path
          d="M244 400L100 256l144-144M120 256h292"
          fill="none"
          stroke="currentColor"
          stroke-linecap="round"
          stroke-linejoin="round"
          stroke-width="48"
        />
      </svg>
      <ul
        class="_PGNul_1875ff"
      >
        <li
          class="_PGNliActive_1875ff"
          data-testid="1"
        >
          1
        </li>
      </ul>
      <svg
        class="_PGNsvg_1875ff"
        viewBox="0 0 512 512"
        xmlns="http://www.w3.org/2000/svg"
      >
        <path
          d="M268 112l144 144-144 144M392 256H100"
          fill="none"
          stroke="currentColor"
          stroke-linecap="round"
          stroke-linejoin="round"
          stroke-width="48"
        />
      </svg>
      <label>
         
        Show on page:
        <select>
          <option>
            3
          </option>
          <option>
            6
          </option>
          <option>
            9
          </option>
        </select>
      </label>
    </div>
  </div>,
  "debug": [Function],
  "findAllByAltText": [Function],
  "findAllByDisplayValue": [Function],
  "findAllByLabelText": [Function],
  "findAllByPlaceholderText": [Function],
  "findAllByRole": [Function],
  "findAllByTestId": [Function],
  "findAllByText": [Function],
  "findAllByTitle": [Function],
  "findByAltText": [Function],
  "findByDisplayValue": [Function],
  "findByLabelText": [Function],
  "findByPlaceholderText": [Function],
  "findByRole": [Function],
  "findByTestId": [Function],
  "findByText": [Function],
  "findByTitle": [Function],
  "getAllByAltText": [Function],
  "getAllByDisplayValue": [Function],
  "getAllByLabelText": [Function],
  "getAllByPlaceholderText": [Function],
  "getAllByRole": [Function],
  "getAllByTestId": [Function],
  "getAllByText": [Function],
  "getAllByTitle": [Function],
  "getByAltText": [Function],
  "getByDisplayValue": [Function],
  "getByLabelText": [Function],
  "getByPlaceholderText": [Function],
  "getByRole": [Function],
  "getByTestId": [Function],
  "getByText": [Function],
  "getByTitle": [Function],
  "queryAllByAltText": [Function],
  "queryAllByDisplayValue": [Function],
  "queryAllByLabelText": [Function],
  "queryAllByPlaceholderText": [Function],
  "queryAllByRole": [Function],
  "queryAllByTestId": [Function],
  "queryAllByText": [Function],
  "queryAllByTitle": [Function],
  "queryByAltText": [Function],
  "queryByDisplayValue": [Function],
  "queryByLabelText": [Function],
  "queryByPlaceholderText": [Function],
  "queryByRole": [Function],
  "queryByTestId": [Function],
  "queryByText": [Function],
  "queryByTitle": [Function],
  "rerender": [Function],
  "unmount": [Function],
}
`;
